A51 MACRO ASSEMBLER  QN1                                                                  02/11/2026 05:07:08 PAGE     1


MACRO ASSEMBLER A51 V8.2.7.0
OBJECT MODULE PLACED IN .\Objects\qn1.obj
ASSEMBLER INVOKED BY: C:\Keil_v5\C51\BIN\A51.EXE qn1.a51 SET(SMALL) DEBUG PRINT(.\Listings\qn1.lst) OBJECT(.\Objects\qn1
                      .obj) EP

LOC  OBJ            LINE     SOURCE

0000                   1     ORG 0H
0000 020100            2     LJMP MAIN
0100                   3     ORG 100H
0100                   4     MAIN:
0100 3130              5     CALL MAINN
0102 80FE              6     HERE: SJMP HERE
0130                   7     ORG 130H
                       8     
0130                   9     MAINN:
0130 7870             10     MOV R0,#70h
0132 7973             11     MOV R1,#73h
0134 31E3             12     CALL MULL
0136 85F060           13     MOV 60h,B
0139 F561             14     MOV 61h,A
                      15     
013B 7871             16     MOV R0,#71h
013D 7974             17     MOV R1,#74h
013F 31E3             18     CALL MULL
0141 85F062           19     MOV 62h,B
0144 F563             20     MOV 63h,A
                      21     
0146 7872             22     MOV R0,#72h
0148 7975             23     MOV R1,#75h
014A 31E3             24     CALL MULL
014C 85F064           25     MOV 64h,B
014F F565             26     MOV 65h,A
                      27     
0151 E561             28     MOV A,61h
0153 2563             29     ADD A,63h
0155 F568             30     MOV 68h,A
                      31     
0157 E560             32     MOV A,60h
0159 3562             33     ADDC A,62h
015B F567             34     MOV 67h,A
                      35     
015D 4005             36     JC CARRY
015F 756600           37     MOV 66H,#00h
0162 8003             38     JMP Hi
0164                  39     CARRY:
0164 756601           40     MOV 66H,#01h
                      41     
0167                  42     Hi:
0167 E568             43     MOV A,68h
0169 2565             44     ADD A,65H
016B F552             45     MOV 52h,A
016D E567             46     MOV A,67h
016F 3564             47     ADDC A,64h
0171 F551             48     MOV 51h,A
                      49     
0173 4005             50     JC Carry2
0175 856650           51     MOV 50h,66h
0178 8006             52     JMP Hello
017A                  53     CARRY2:
017A E566             54     MOV A, 66h
017C 2401             55     ADD A,#01h
017E F550             56     MOV 50h,A
                      57     
A51 MACRO ASSEMBLER  QN1                                                                  02/11/2026 05:07:08 PAGE     2

0180                  58     Hello:
0180 757601           59     MOV 76h, #01h
0183 757700           60     MOV 77h, #00h
0186 757800           61     MOV 78H, #00h
0189 757900           62     MOV 79H, #00h
018C 757A80           63     MOV 7Ah, #80h
018F 757B00           64     MOV 7Bh, #00h
                      65     
0192                  66     Check1_1:
0192 E550             67     MOV A,50h
0194 C3               68     CLR C
0195 9576             69     SUBB A,76H
0197 4018             70     JC Hey 
0199 6002             71     JZ Check1_2
019B 802F             72     JMP COND1
                      73     
019D                  74     Check1_2:
019D E551             75     MOV A,51h
019F C3               76     CLR C
01A0 9577             77     SUBB A,77H
01A2 400D             78     JC Hey  
01A4 6002             79     JZ Check1_3
01A6 8024             80     JMP COND1
                      81     
01A8                  82     Check1_3:
01A8 E552             83     MOV A,52h
01AA C3               84     CLR C
01AB 9578             85     SUBB A,78H
01AD 6002             86     JZ HEY
01AF 501B             87     JNC COND1
                      88     
01B1                  89     HEY:
01B1                  90     Check2_1:
01B1 E550             91     MOV A,50h
01B3 C3               92     CLR C
01B4 9579             93     SUBB A,79H
01B6 4024             94     JC COND3 
01B8 501B             95     JNC COND2
                      96     
01BA                  97     Check2_2:
01BA E551             98     MOV A,51h
01BC C3               99     CLR C
01BD 957A            100     SUBB A,7AH
01BF 401B            101     JC COND3  
01C1 5012            102     JNC COND2
                     103     
01C3                 104     Check2_3:
01C3 E552            105     MOV A,52h
01C5 C3              106     CLR C
01C6 957B            107     SUBB A,7BH
01C8 4012            108     JC COND3  
                     109     
01CA 8009            110     Jmp COND2
                     111     
01CC                 112     COND1:
01CC 75B000          113     MOV P3,#00h
01CF D2B0            114     SETB P3.0
01D1 D2B1            115     SETB P3.1
01D3 8013            116     JMP Done
                     117     
01D5                 118     COND2:
01D5 75B000          119     MOV P3,#00h
01D8 D2B1            120     SETB P3.1
01DA 800C            121     JMP Done
                     122     
01DC                 123     COND3:
A51 MACRO ASSEMBLER  QN1                                                                  02/11/2026 05:07:08 PAGE     3

01DC 75B000          124     MOV P3,#00h
01DF D2B0            125     SETB P3.0
01E1 8005            126     JMP Done
                     127     
01E3                 128     MULL:
01E3 E6              129     MOV A,@R0
01E4 87F0            130     MOV B,@R1
01E6 A4              131     MUL AB
01E7 22              132     RET
                     133     
01E8                 134     Done:
01E8 22              135     RET
                     136     END
A51 MACRO ASSEMBLER  QN1                                                                  02/11/2026 05:07:08 PAGE     4

SYMBOL TABLE LISTING
------ ----- -------


N A M E             T Y P E  V A L U E   ATTRIBUTES

B. . . . . . . . .  D ADDR   00F0H   A   
CARRY. . . . . . .  C ADDR   0164H   A   
CARRY2 . . . . . .  C ADDR   017AH   A   
CHECK1_1 . . . . .  C ADDR   0192H   A   
CHECK1_2 . . . . .  C ADDR   019DH   A   
CHECK1_3 . . . . .  C ADDR   01A8H   A   
CHECK2_1 . . . . .  C ADDR   01B1H   A   
CHECK2_2 . . . . .  C ADDR   01BAH   A   
CHECK2_3 . . . . .  C ADDR   01C3H   A   
COND1. . . . . . .  C ADDR   01CCH   A   
COND2. . . . . . .  C ADDR   01D5H   A   
COND3. . . . . . .  C ADDR   01DCH   A   
DONE . . . . . . .  C ADDR   01E8H   A   
HELLO. . . . . . .  C ADDR   0180H   A   
HERE . . . . . . .  C ADDR   0102H   A   
HEY. . . . . . . .  C ADDR   01B1H   A   
HI . . . . . . . .  C ADDR   0167H   A   
MAIN . . . . . . .  C ADDR   0100H   A   
MAINN. . . . . . .  C ADDR   0130H   A   
MULL . . . . . . .  C ADDR   01E3H   A   
P3 . . . . . . . .  D ADDR   00B0H   A   


REGISTER BANK(S) USED: 0 


ASSEMBLY COMPLETE.  0 WARNING(S), 0 ERROR(S)
