A51 MACRO ASSEMBLER  Q1                                                                   02/10/2024 09:20:31 PAGE     1


MACRO ASSEMBLER A51 V8.02b
OBJECT MODULE PLACED IN Q1.OBJ
ASSEMBLER INVOKED BY: C:\Keil\C51\BIN\A51.EXE Q1.asm SET(SMALL) DEBUG EP

LOC  OBJ            LINE     SOURCE

0000                   1     ORG 0H
0000 020100            2     LJMP MAIN
0100                   3     ORG 100H
                       4     
0100                   5     MAIN:
                       6     
0100 C290              7     CLR P1.0
0102 3124              8     ACALL delay_1ms
0104 310E              9     ACALL delay_800us
                      10     
0106 D290             11     SETB P1.0
0108 3119             12     ACALL delay_7ms
010A 3138             13     ACALL delay_200us
                      14     
010C 80F2             15     SJMP MAIN
                      16     
010E                  17     delay_800us:
010E C000             18             push 00h
0110 7804             19             mov r0, #4
0112 3138             20             h5: acall delay_200us
0114 D8FC             21             djnz r0, h5
0116 D000             22             pop 00h
0118 22               23             ret
                      24     
0119                  25     delay_7ms:
0119 C000             26             push 00h
011B 7807             27             mov r0, #7
011D 3124             28             h3: acall delay_1ms
011F D8FC             29             djnz r0, h3
0121 D000             30             pop 00h
0123 22               31             ret
                      32     
0124                  33     delay_1ms:
0124 C000             34             push 00h
0126 7804             35             mov r0, #4
0128 312F             36             h2: acall delay_250us
012A D8FC             37             djnz r0, h2
012C D000             38             pop 00h
012E 22               39             ret
                      40     
012F                  41     delay_250us:
012F C000             42             push 00h
0131 78F4             43             mov r0, #244
0133 D8FE             44             h1: djnz r0, h1
0135 D000             45             pop 00h
0137 22               46             ret
                      47     
0138                  48     delay_200us:
0138 C000             49             push 00h
013A 78C8             50             mov r0, #200
013C D8FE             51             h0: djnz r0, h0
013E D000             52             pop 00h
0140 22               53             ret
                      54     
                      55     END
A51 MACRO ASSEMBLER  Q1                                                                   02/10/2024 09:20:31 PAGE     2

SYMBOL TABLE LISTING
------ ----- -------


N A M E             T Y P E  V A L U E   ATTRIBUTES

DELAY_1MS. . . . .  C ADDR   0124H   A   
DELAY_200US. . . .  C ADDR   0138H   A   
DELAY_250US. . . .  C ADDR   012FH   A   
DELAY_7MS. . . . .  C ADDR   0119H   A   
DELAY_800US. . . .  C ADDR   010EH   A   
H0 . . . . . . . .  C ADDR   013CH   A   
H1 . . . . . . . .  C ADDR   0133H   A   
H2 . . . . . . . .  C ADDR   0128H   A   
H3 . . . . . . . .  C ADDR   011DH   A   
H5 . . . . . . . .  C ADDR   0112H   A   
MAIN . . . . . . .  C ADDR   0100H   A   
P1 . . . . . . . .  D ADDR   0090H   A   


REGISTER BANK(S) USED: 0 


ASSEMBLY COMPLETE.  0 WARNING(S), 0 ERROR(S)
