A51 MACRO ASSEMBLER  QN2                                                                  02/11/2026 15:08:36 PAGE     1


MACRO ASSEMBLER A51 V8.2.7.0
OBJECT MODULE PLACED IN .\Objects\qn2.obj
ASSEMBLER INVOKED BY: C:\Keil_v5\C51\BIN\A51.EXE qn2.a51 SET(SMALL) DEBUG PRINT(.\Listings\qn2.lst) OBJECT(.\Objects\qn2
                      .obj) EP

LOC  OBJ            LINE     SOURCE

                       1     
0000                   2     ORG 0H
0000 020100            3     LJMP MAIN
0100                   4     ORG 100H
0100                   5     MAIN:
0100 3130              6     CALL ADD16BCD
0102 80FE              7     HERE: SJMP HERE
0130                   8     ORG 130H
                       9     
0130                  10     ADD16BCD:
                      11     
                      12     
                      13     
                      14     
                      15     
                      16     
                      17     
                      18     
                      19     
                      20     
                      21     
                      22     
0130 E571             23     MOV A, 71H        ; ADDing lower BYtes
0132 2573             24     ADD A, 73H
0134 F566             25     MOV 66H, A
0136 D4               26     DA A
0137 F576             27     MOV 76h,A
                      28     
0139 E570             29     MOV A, 70H        ; ADDIng Upper Bytes
013B 3572             30     ADDC A, 72H
                      31     
013D 4005             32     JC CARRY
013F 756400           33     MOV 64H, #00H
0142 8003             34     SJMP DONE
                      35     
0144 756401           36     CARRY: MOV 64H, #01H
0147                  37     DONE:
0147 F565             38     MOV 65H, A
0149 D4               39     DA A
014A F575             40     MOV 75h,A
                      41     
014C 4005             42     JC CARRY2
014E 757400           43     MOV 74H, #00H
0151 8003             44     SJMP DONE2
                      45     
0153 757401           46     CARRY2: MOV 74H, #01H
0156                  47     DONE2:
                      48     
                      49     
0156 22               50     RET
                      51     END
A51 MACRO ASSEMBLER  QN2                                                                  02/11/2026 15:08:36 PAGE     2

SYMBOL TABLE LISTING
------ ----- -------


N A M E             T Y P E  V A L U E   ATTRIBUTES

ADD16BCD . . . . .  C ADDR   0130H   A   
CARRY. . . . . . .  C ADDR   0144H   A   
CARRY2 . . . . . .  C ADDR   0153H   A   
DONE . . . . . . .  C ADDR   0147H   A   
DONE2. . . . . . .  C ADDR   0156H   A   
HERE . . . . . . .  C ADDR   0102H   A   
MAIN . . . . . . .  C ADDR   0100H   A   


REGISTER BANK(S) USED: 0 


ASSEMBLY COMPLETE.  0 WARNING(S), 0 ERROR(S)
