A51 MACRO ASSEMBLER  Q2                                                                   02/10/2024 11:12:24 PAGE     1


MACRO ASSEMBLER A51 V8.02b
OBJECT MODULE PLACED IN Q2.OBJ
ASSEMBLER INVOKED BY: C:\Keil\C51\BIN\A51.EXE Q2.asm SET(SMALL) DEBUG EP

LOC  OBJ            LINE     SOURCE

0000                   1     ORG 0H
0000 020100            2     LJMP MAIN
0100                   3     ORG 100H
                       4     
0100                   5     MAIN:
                       6     
0100                   7     DETERMINANT:
                       8     
                       9     
0100 A864             10     MOV R0, 64H
0102 A968             11     MOV R1, 68H
0104 AA65             12     MOV R2, 65H
0106 AB67             13     MOV R3, 67H
0108 31D0             14     ACALL ADD_SUB
010A 8CF0             15     MOV B, R4
010C E560             16     MOV A, 60H
010E A4               17     MUL AB
010F FD               18     MOV R5, A
                      19     
                      20     
0110 A863             21     MOV R0, 63H
0112 A968             22     MOV R1, 68H
0114 AA65             23     MOV R2, 65H
0116 AB66             24     MOV R3, 66H
0118 31D0             25     ACALL ADD_SUB
011A 8CF0             26     MOV B, R4
011C E561             27     MOV A, 61H
011E A4               28     MUL AB
011F FE               29     MOV R6, A
                      30     
                      31     
0120 A863             32     MOV R0, 63H
0122 A967             33     MOV R1, 67H
0124 AA64             34     MOV R2, 64H
0126 AB66             35     MOV R3, 66H
0128 31D0             36     ACALL ADD_SUB
012A 8CF0             37     MOV B, R4
012C E562             38     MOV A, 62H
012E A4               39     MUL AB
012F FF               40     MOV R7, A
                      41     
0130 ED               42     MOV A, R5
0131 9E               43     SUBB A, R6
0132 2F               44     ADD A, R7
                      45     
0133 F8               46     MOV R0, A
0134 F569             47     MOV 69H, A
                      48     
0136 B8001D           49     CJNE R0, #0, ADJOINT
                      50     
0139 7570FF           51     MOV 70H, #0FFH
013C 7571FF           52     MOV 71H, #0FFH
013F 7572FF           53     MOV 72H, #0FFH
0142 7573FF           54     MOV 73H, #0FFH
0145 7574FF           55     MOV 74H, #0FFH
0148 7575FF           56     MOV 75H, #0FFH
014B 7576FF           57     MOV 76H, #0FFH
014E 7577FF           58     MOV 77H, #0FFH
A51 MACRO ASSEMBLER  Q2                                                                   02/10/2024 11:12:24 PAGE     2

0151 7578FF           59     MOV 78H, #0FFH
                      60     
0154 80FE             61     STOP: SJMP STOP
                      62     
0156                  63     ADJOINT:
                      64     
0156 A864             65     MOV R0, 64H
0158 A968             66     MOV R1, 68H
015A AA65             67     MOV R2, 65H
015C AB67             68     MOV R3, 67H
015E 31D0             69     ACALL ADD_SUB
0160 8C70             70     MOV 70H, R4
                      71     
0162 A865             72     MOV R0, 65H
0164 A966             73     MOV R1, 66H
0166 AA63             74     MOV R2, 63H
0168 AB68             75     MOV R3, 68H
016A 31D0             76     ACALL ADD_SUB
016C 8C73             77     MOV 73H, R4
                      78     
016E A863             79     MOV R0, 63H
0170 A967             80     MOV R1, 67H
0172 AA64             81     MOV R2, 64H
0174 AB66             82     MOV R3, 66H
0176 31D0             83     ACALL ADD_SUB
0178 8C76             84     MOV 76H, R4
                      85     
017A A862             86     MOV R0, 62H
017C A967             87     MOV R1, 67H
017E AA61             88     MOV R2, 61H
0180 AB68             89     MOV R3, 68H
0182 31D0             90     ACALL ADD_SUB
0184 8C71             91     MOV 71H, R4
                      92     
0186 A860             93     MOV R0, 60H
0188 A968             94     MOV R1, 68H
018A AA62             95     MOV R2, 62H
018C AB66             96     MOV R3, 66H
018E 31D0             97     ACALL ADD_SUB
0190 8C74             98     MOV 74H, R4
                      99     
0192 A861            100     MOV R0, 61H
0194 A966            101     MOV R1, 66H
0196 AA60            102     MOV R2, 60H
0198 AB67            103     MOV R3, 67H
019A 31D0            104     ACALL ADD_SUB
019C 8C77            105     MOV 77H, R4
                     106     
019E A861            107     MOV R0, 61H
01A0 A965            108     MOV R1, 65H
01A2 AA62            109     MOV R2, 62H
01A4 AB64            110     MOV R3, 64H
01A6 31D0            111     ACALL ADD_SUB
01A8 8C72            112     MOV 72H, R4
                     113     
01AA A862            114     MOV R0, 62H
01AC A963            115     MOV R1, 63H
01AE AA60            116     MOV R2, 60H
01B0 AB65            117     MOV R3, 65H
01B2 31D0            118     ACALL ADD_SUB
01B4 8C75            119     MOV 75H, R4
                     120     
01B6 A860            121     MOV R0, 60H
01B8 A964            122     MOV R1, 64H
01BA AA61            123     MOV R2, 61H
01BC AB63            124     MOV R3, 63H
A51 MACRO ASSEMBLER  Q2                                                                   02/10/2024 11:12:24 PAGE     3

01BE 31D0            125     ACALL ADD_SUB
01C0 8C78            126     MOV 78H, R4
                     127     
01C2 7870            128     MOV R0, #70H
01C4                 129     FORWARD:
01C4 E6              130     MOV A, @R0
01C5 8569F0          131     MOV B, 69H
                     132     
01C8 84              133     DIV AB
01C9 F6              134     MOV @R0, A
01CA 08              135     INC R0
01CB B879F6          136     CJNE R0, #79H, FORWARD
                     137     
01CE 8084            138     SJMP STOP
                     139     
01D0                 140     ADD_SUB:
01D0 EA              141     MOV A, R2
01D1 8BF0            142     MOV B, R3
01D3 A4              143     MUL AB
01D4 FC              144     MOV R4, A
                     145     
01D5 E8              146     MOV A, R0
01D6 89F0            147     MOV B, R1
01D8 A4              148     MUL AB
                     149     
01D9 9C              150     SUBB A, R4
01DA FC              151     MOV R4, A
                     152     
01DB 22              153     RET
                     154     
                     155     END
A51 MACRO ASSEMBLER  Q2                                                                   02/10/2024 11:12:24 PAGE     4

SYMBOL TABLE LISTING
------ ----- -------


N A M E             T Y P E  V A L U E   ATTRIBUTES

ADD_SUB. . . . . .  C ADDR   01D0H   A   
ADJOINT. . . . . .  C ADDR   0156H   A   
B. . . . . . . . .  D ADDR   00F0H   A   
DETERMINANT. . . .  C ADDR   0100H   A   
FORWARD. . . . . .  C ADDR   01C4H   A   
MAIN . . . . . . .  C ADDR   0100H   A   
STOP . . . . . . .  C ADDR   0154H   A   


REGISTER BANK(S) USED: 0 


ASSEMBLY COMPLETE.  0 WARNING(S), 0 ERROR(S)
